// Jest Snapshot v1, https://goo.gl/fbAQLP

exports[`renders correctly 1`] = `
<View
  accessibilityState={
    {
      "busy": undefined,
      "checked": undefined,
      "disabled": undefined,
      "expanded": undefined,
      "selected": undefined,
    }
  }
  accessibilityValue={
    {
      "max": undefined,
      "min": undefined,
      "now": undefined,
      "text": undefined,
    }
  }
  accessible={true}
  collapsable={false}
  focusable={false}
  onClick={[Function]}
  onResponderGrant={[Function]}
  onResponderMove={[Function]}
  onResponderRelease={[Function]}
  onResponderTerminate={[Function]}
  onResponderTerminationRequest={[Function]}
  onStartShouldSetResponder={[Function]}
  style={
    {
      "alignItems": "center",
      "backgroundColor": "#fff",
      "borderRadius": 10,
      "elevation": 3,
      "height": "10%",
      "justifyContent": "center",
      "marginTop": 25,
      "opacity": 1,
      "shadowColor": "#000",
      "shadowOffset": {
        "height": 2,
        "width": 0,
      },
      "shadowOpacity": 0.2,
      "shadowRadius": 4,
      "width": "50%",
    }
  }
>
  <Text
    style={
      {
        "color": "black",
        "fontFamily": "Helvetica",
        "fontSize": 17,
      }
    }
  >
    GENERATE LINES
  </Text>
</View>
`;
